---
steps:
- group: build
  key: build
  steps:
  - commands:
    - "# No need for cloning, the agent takes care of that"
    - mkdir bitrise-ex/build
    - cd bitrise-ex/build
    - "./build-app.sh"
    label: build
    key: build
- group: test
  key: test
  steps:
  - commands:
    - "# No need for cloning, the agent takes care of that"
    - "# Invalid change-workdir step configuration!"
    - "./test.sh"
    label: test
    key: test
- group: deploy
  key: deploy
  steps:
  - commands:
    - cd bitrise-ex/deploy/
    - "./deploy-app.sh"
    label: deploy
    key: deploy
