---
steps:
- commands:
  - "# No need for cloning, the agent takes care of that"
  - mkdir bitrise-ex/build
  - cd bitrise-ex/build
  - "./build-app.sh"
  label: build
  key: build
- commands:
  - "# No need for cloning, the agent takes care of that"
  - "# Invalid change-workdir step configuration!"
  - "./test.sh"
  label: test
  key: test
- commands:
  - cd bitrise-ex/deploy/
  - "./deploy-app.sh"
  label: deploy
  key: deploy
