---
steps:
- commands:
  - "# Warning: The following options are not supported in Buildkite and will be ignored:
    webhook_url"
  label: primary
  key: primary
  notify:
  - slack:
      message: 'Build completed with status: $BITRISE_BUILD_STATUS'
      channels:
      - "#deployments"
- commands:
  - "# Warning: The following options are not supported in Buildkite and will be ignored:
    webhook_url"
  label: minimal-notification
  key: minimal-notification
  notify:
  - slack: {}
- commands:
  - "# Warning: The following options are not supported in Buildkite and will be ignored:
    webhook_url"
  label: different-channels
  key: different-channels
  notify:
  - slack:
      message: Build $BITRISE_BUILD_NUMBER completed successfully
      channels:
      - "#general"
      if: build.state == "passed"
  - slack:
      message: Build $BITRISE_BUILD_NUMBER failed
      channels:
      - "#alerts"
      if: build.state == "failed"
- commands:
  - "# Warning: The following options are not supported in Buildkite and will be ignored:
    webhook_url, webhook_url_on_error"
  label: different-webhooks
  key: different-webhooks
  notify:
  - slack:
      message: 'Build status: $BITRISE_BUILD_STATUS'
      channels:
      - "#builds"
      if: build.state == "passed"
  - slack:
      message: 'Build status: $BITRISE_BUILD_STATUS'
      channels:
      - "#builds"
      if: build.state == "failed"
- commands:
  - "# Warning: The following options are not supported in Buildkite and will be ignored:
    webhook_url, webhook_url_on_error, emoji, emoji_on_error, from_username, from_username_on_error,
    color, color_on_error"
  label: full-configuration
  key: full-configuration
  notify:
  - slack:
      message: "✅ Build $BITRISE_BUILD_NUMBER succeeded on $BITRISE_GIT_BRANCH"
      channels:
      - "#builds"
      if: build.state == "passed"
  - slack:
      message: "❌ Build $BITRISE_BUILD_NUMBER failed on $BITRISE_GIT_BRANCH"
      channels:
      - "#alerts"
      if: build.state == "failed"
- commands:
  - "# Warning: The following options are not supported in Buildkite and will be ignored:
    webhook_url, title, title_on_error, color, color_on_error"
  label: with-attachments
  key: with-attachments
  notify:
  - slack:
      message: All tests passed successfully.
      channels:
      - "#builds"
      if: build.state == "passed"
  - slack:
      message: Some tests failed. Check the logs for details.
      channels:
      - "#builds"
      if: build.state == "failed"
- commands:
  - "# Warning: The following options are not supported in Buildkite and will be ignored:
    webhook_url, unsupported_option, another_unsupported, custom_field"
  label: with-unsupported-options
  key: with-unsupported-options
  notify:
  - slack:
      message: Build notification
      channels:
      - "#builds"
