---
steps:
- commands:
  - "# No need for checkout, the agent takes care of that"
  - "./scripts/build-package.sh"
  plugins:
  - docker#v5.10.0:
      image: cimg/base:stable
  agents:
    executor_type: docker
  key: build-and-package
- commands:
  - cd ~/repo
  - "# No need for checkout, the agent takes care of that"
  - echo '~~~ Run tests'
  - "./scripts/test.sh"
  depends_on:
  - build-and-package
  plugins:
  - docker#v5.10.0:
      image: cimg/base:stable
  agents:
    executor_type: docker
  key: test
- block: gate
  key: gate
  depends_on:
  - test
- commands:
  - "# No need for checkout, the agent takes care of that"
  - echo '~~~ Deploy!'
  - "./scripts/deploy.sh"
  depends_on:
  - gate
  plugins:
  - docker#v5.10.0:
      image: cimg/base:stable
  agents:
    executor_type: docker
  key: deploy
