---
steps:
- commands:
  - '# executor {"name"=>"win/default", "size"=>"medium"} not supported yet'
  - Hello, Orb Executor
  key: orb-executor
- commands:
  - Hello, self runner
  agents:
    resource_class: win/default
    executor_type: machine
    executor_image: self-hosted
  key: self-runner
- commands:
  - Hello from docker
  plugins:
  - docker#v5.10.0:
      image: circleci/python:3.6.2
  agents:
    executor_type: docker
  key: docker
- commands:
  - "# to make multiple images work, add the following composefile to your repository"
  - |-
    cat > compose.yaml << EOF
    ---
    services:
      service0:
        image: circleci/python:3.6.2
      service1:
        image: circleci/python:3.9-stretch-browsers

    EOF
  - Hello from multi-image docker
  plugins:
  - docker-compose#v5.0.0:
      run: service0
  agents:
    executor_type: docker_compose
  key: multi-docker
- commands:
  - Hello from OS X
  agents:
    executor_type: osx
    executor_xcode: 14.2.0
  key: OSX
