---
steps:
- commands:
  - "# No need for checkout, the agent takes care of that"
  - echo '~~~ Install Dependencies'
  - apt-get update
  - apt-get install -y curl jq git
  - 'echo ''~~~ INFO: Docker be installed and ready on the agent'''
  - curl -fsSL https://get.docker.com -o get-docker.sh
  - sh get-docker.sh
  plugins:
  - docker#v5.10.0:
      image: cimg/base:stable
  agents:
    executor_type: docker
  key: install
- commands:
  - "# No need for checkout, the agent takes care of that"
  - echo '~~~ Install Dependencies'
  - apt-get update
  - apt-get install -y curl jq git
  - echo '~~~ Installing Docker'
  - VERSION=20.10.7
  - curl -fsSL https://download.docker.com/linux/static/stable/x86_64/docker-${VERSION}.tgz
    -o docker.tgz
  - tar xzvf docker.tgz
  - cp docker/* /var/lib/docker/
  - rm -rf docker docker.tgz
  plugins:
  - docker#v5.10.0:
      image: cimg/base:stable
  agents:
    executor_type: docker
  key: install-custom
