---
steps:
- commands:
  - "# No need for checkout, the agent takes care of that"
  - echo '~~~ Install Dependencies'
  - apt-get update
  - apt-get install -y curl jq git
  - "# Instead of installing dockerize in a step, we recommend your agent environment
    to have it pre-installed"
  - echo '~~~ Installing Dockerize'
  - curl -L https://github.com/jwilder/dockerize/releases/latest/download/dockerize-linux-amd64.tar.gz
    -o 'dockerize.tar.gz'
  - tar xf dockerize.tar.gz
  - rm -f dockerize.tar.gz
  - mv dockerize /usr/local/bin
  - chmod +x /usr/local/bin/dockerize
  plugins:
  - docker#v5.10.0:
      image: cimg/base:stable
  agents:
    executor_type: docker
  key: install
- commands:
  - "# No need for checkout, the agent takes care of that"
  - echo '~~~ Install Dependencies'
  - apt-get update
  - apt-get install -y curl jq git
  - "# Instead of installing dockerize in a step, we recommend your agent environment
    to have it pre-installed"
  - echo '~~~ Installing Dockerize'
  - mkdir -p /var/lib/docker
  - curl -L https://github.com/jwilder/dockerize/releases/download/0.6.1/dockerize-linux-amd64-0.6.1.tar.gz
    -o 'dockerize.tar.gz'
  - tar xf dockerize.tar.gz
  - rm -f dockerize.tar.gz
  - mv dockerize /var/lib/docker
  - chmod +x /var/lib/docker/dockerize
  plugins:
  - docker#v5.10.0:
      image: cimg/base:stable
  agents:
    executor_type: docker
  key: install-custom
