---
steps:
- group: setup
  key: setup
  steps:
  - commands:
    - "# Invalid brew-install configuration!"
- group: build
  key: build
  steps:
  - commands:
    - "# No need for cloning, the agent takes care of that"
    - brew reinstall --force-bottle -vd jq yq git
- group: test
  key: test
  steps:
  - commands:
    - "# No need for cloning, the agent takes care of that"
    - brew install jq yq git selenium-server cucumber-ruby
- group: deploy
  key: deploy
  steps:
  - commands:
    - "# No need for cloning, the agent takes care of that"
    - brew bundle -vd --file=brew/ex-repo-deploy/Brewfile
