---
steps:
- group: default
  steps:
  - commands:
    - echo 'simple'
    - "# repository interactions (clone options) should be configured in the agent
      itself"
    plugins:
    - sparse-checkout:
        paths:
        - path1/*
        - path2
        no-cone: false
    label: simple
  - wait
  - commands:
    - echo 'no cloning'
    - "# repository interactions (clone options) should be configured in the agent
      itself"
    env:
      BUILKITE_REPO: ''
    label: no clone
  - wait
  - commands:
    - echo 'no sparse'
    - "# repository interactions (clone options) should be configured in the agent
      itself"
    label: no sparse
