---
steps:
- commands:
  - some-tests
  plugins:
  - docker#v5.10.0:
      image: ubuntu:xenial
  agents:
    executor_type: docker
  key: docker-xenial
- commands:
  - apt-update
  - Need to use Docker Compose for multiple image execution :(
  key: docker-noble-multi
- commands:
  - xcodebuild -help
  agents:
    executor_type: osx
    executor_xcode: 14.2.0
  key: macos
- commands:
  - echo 1
  agents:
    resource_class: win/default
    executor_type: machine
    executor_image: self-hosted
  key: self-hosted
- commands:
  - Get-Help ls -Detailed
  agents:
    executor_type: windows
  key: win-server
