---
steps:
- commands:
  - "# No need for checkout, the agent takes care of that"
  - "./scripts/build.sh"
  plugins:
  - docker#v5.10.0:
      image: ubuntu:jammy
  agents:
    executor_type: docker
  key: build
- commands:
  - "# No need for checkout, the agent takes care of that"
  - "./scripts/test-discover.sh"
  depends_on:
  - build
  plugins:
  - docker#v5.10.0:
      image: ubuntu:jammy
  agents:
    executor_type: docker
  key: test1
- commands:
  - "# No need for checkout, the agent takes care of that"
  - "./scripts/test-full.sh"
  depends_on:
  - test1
  plugins:
  - docker#v5.10.0:
      image: ubuntu:jammy
  agents:
    executor_type: docker
  key: test2
- commands:
  - "# No need for checkout, the agent takes care of that"
  - "./scripts/deploy.sh"
  depends_on:
  - test2
  plugins:
  - docker#v5.10.0:
      image: ubuntu:jammy
  agents:
    executor_type: docker
  key: deploy
