---
steps:
- commands:
  - echo ./build.sh
  label: ":github: build"
  key: build
  branches: main
- commands:
  - echo ./deploy-test.sh
  depends_on:
  - build
  label: ":github: deploy-test"
  key: deploy-test
  branches: main
- commands:
  - echo ./deploy-staging.sh
  depends_on:
  - deploy-test
  label: ":github: deploy-staging"
  key: deploy-staging
  branches: main
- commands:
  - echo ./deploy-prod.sh
  depends_on:
  - deploy-staging
  label: ":github: deploy-prod"
  key: deploy-prod
  branches: main
