---
steps:
- commands:
  - echo 'running'
  label: simple
- wait
- key: execute-bdbce8d743ed804e10bcfb5ecb85ac5bafcb219d
  prompt: Execute step bdbce8d743ed804e10bcfb5ecb85ac5bafcb219d?
  input: execute-bdbce8d743ed804e10bcfb5ecb85ac5bafcb219d
- commands:
  - echo 'running'
  depends_on:
  - execute-bdbce8d743ed804e10bcfb5ecb85ac5bafcb219d
  label: complex
