---
steps:
- group: default
  steps:
  - commands:
    - echo 'running'
    label: simple
  - wait
  - key: execute-cad93b8b7bf63eb33ffe9002d9b6932eb155ec3c
    prompt: Execute step cad93b8b7bf63eb33ffe9002d9b6932eb155ec3c?
    input: execute-cad93b8b7bf63eb33ffe9002d9b6932eb155ec3c
  - commands:
    - echo 'running'
    depends_on:
    - execute-cad93b8b7bf63eb33ffe9002d9b6932eb155ec3c
    label: complex
