---
steps:
- commands:
  - "./build.sh"
  label: parallel-dc4a1a175ef1caae3f6e0ac055381fb44d1f187e Build
- group: parallel-7f796b98b1a2e1e54e2e452dd31ed13835e384dc
  steps:
  - commands:
    - "./integration-tests.sh --batch 1"
    label: Integration 1
  - commands:
    - "./upload-metadata.sh"
    - "# `fail-fast` has no direct translation - consider using `soft_fail`/`cancel_on_build_failing`."
    label: Upload metadata
