---
steps:
- group: simple stage
  steps:
  - commands:
    - sh ./build-app.sh
    label: Build app
  - wait
  - commands:
    - sh ./run-tests.sh
    label: Run unit tests
- group: conditional stage
  steps:
  - commands:
    - if git diff --exit-code --name-only HEAD "${BUILDKITE_PULL_REQUEST_BASE_BRANCH:HEAD^}"
      -- 'path1/*.xml' 'path2/**'; then
    - "  echo '+++ :warning: no changes found in 'path1/*.xml' 'path2/**', exiting
      step as OK"
    - "  exit 0"
    - fi
  - commands:
    - sh ./build-app.sh
    label: Build app
  - wait
  - commands:
    - sh ./run-tests.sh
    label: Run unit tests
- group: manual stage
  steps:
  - key: execute-27f5be813d45b642f493c4b7e2239da2924175fe
    prompt: Execute step 27f5be813d45b642f493c4b7e2239da2924175fe?
    input: execute-27f5be813d45b642f493c4b7e2239da2924175fe
  - commands:
    - sh ./build-app.sh
    depends_on:
    - execute-27f5be813d45b642f493c4b7e2239da2924175fe
    label: Build app
  - wait
  - commands:
    - sh ./run-tests.sh
    depends_on:
    - execute-27f5be813d45b642f493c4b7e2239da2924175fe
    label: Run unit tests
