---
steps:
- group: simple stage
  steps:
  - commands:
    - sh ./build-app.sh
    label: Build app
  - wait
  - commands:
    - sh ./run-tests.sh
    label: Run unit tests
- group: conditional stage
  steps:
  - commands:
    - if git diff --exit-code --name-only HEAD "${BUILDKITE_PULL_REQUEST_BASE_BRANCH:HEAD^}"
      -- 'path1/*.xml' 'path2/**'; then
    - "  echo '+++ :warning: no changes found in 'path1/*.xml' 'path2/**', exiting
      step as OK"
    - "  exit 0"
    - fi
  - commands:
    - sh ./build-app.sh
    label: Build app
  - wait
  - commands:
    - sh ./run-tests.sh
    label: Run unit tests
- group: manual stage
  steps:
  - key: execute-5f4b7c80dda894d4254d2c5547b1c7dc5dc16891
    prompt: Execute step 5f4b7c80dda894d4254d2c5547b1c7dc5dc16891?
    input: execute-5f4b7c80dda894d4254d2c5547b1c7dc5dc16891
  - commands:
    - sh ./build-app.sh
    depends_on:
    - execute-5f4b7c80dda894d4254d2c5547b1c7dc5dc16891
    label: Build app
  - wait
  - commands:
    - sh ./run-tests.sh
    depends_on:
    - execute-5f4b7c80dda894d4254d2c5547b1c7dc5dc16891
    label: Run unit tests
