---
steps:
- commands:
  - echo "Hello, Windows!"
  label: Build for *-windows tags
  if: build.tag =~ /*-windows/
- commands:
  - echo "Hello, macOS!"
  label: Build for *-macos tags
  if: build.tag =~ /*-macos/
- commands:
  - echo "Hello, Linux!"
  label: Build for *-linux tags
  if: build.tag =~ /*-linux/
