---
steps:
- commands:
  - echo "Hello, Windows!"
  label: "*-windows Build for *-windows tags"
  if: build.tag =~ /*-windows/
- commands:
  - echo "Hello, macOS!"
  label: "*-macos Build for *-macos tags"
  if: build.tag =~ /*-macos/
- commands:
  - echo "Hello, Linux!"
  label: "*-linux Build for *-linux tags"
  if: build.tag =~ /*-linux/
