---
steps:
- commands:
  - "./build.sh"
  label: ":github: build"
  key: build
- commands:
  - "./deploy-test.sh"
  depends_on:
  - build
  label: ":github: deploy-test"
  key: deploy-test
  concurrency_group: deploy-test
- commands:
  - "./deploy-staging.sh"
  depends_on:
  - deploy-test
  label: ":github: deploy-staging"
  key: deploy-staging
  concurrency_group: deploy-staging
- commands:
  - "# cancel-in-progress in Buildkite is the pipeline setting Cancel Intermediate
    Builds"
  - "./deploy-prod.sh"
  depends_on:
  - deploy-staging
  label: ":github: deploy-prod"
  key: deploy-prod
  concurrency_group: deploy-production
