---
steps:
- commands:
  - "# action actions/checkout@v3 is not necessary in Buildkite"
  - "# action actions/setup-go@v4 can not be translated just yet"
  - echo '~~~ Build'
  - go build -v ./...
  - echo '~~~ Test'
  - go test -v ./...
  agents:
    runs-on: ubuntu-latest
  label: ":github: build"
  key: build
