---
steps:
- commands:
  - "# action actions/checkout@v3 is not necessary in Buildkite"
  - "# action actions/setup-java@v3 can not be translated just yet"
  - echo '~~~ Build with Maven'
  - mvn -B package --file pom.xml
  - echo '~~~ Print name'
  - "("
  - BUILD="We are currently running the Build job"
  - echo "Hello $NAME. $BUILD. Using Java Version $JAVA_VERSION"
  - ")"
  agents:
    runs-on: ubuntu-latest
  env:
    JAVA_VERSION: '11'
  label: ":github: build"
  key: build
